✔ Level curves recalculate level thresholds with event spawn weights, racial buffs and party sharing (2.023954ms)
✔ Level curves leave inaccessible levels missing instead of plotting zero and respect unlocked entry filters (0.485228ms)
✔ Level curve ranges include both endpoints, normalize reversed ranges and clamp to Lv 1–260 (3.678281ms)
✔ Confirmed outdoor warp access changes filtering without changing EXP or other dungeons (2.896585ms)
✔ Search finds English names and aliases while preserving Thai names and map codes (0.565827ms)
✔ Public map and monster names contain no Korean locale text (0.715178ms)
✔ Catalog expiry follows the Thai maintenance boundary without treating an earlier gap as expired (0.275608ms)
✔ Shared links validate version, clamp values and preserve event/archive/race choices (2.123311ms)
✔ Archived Daily Dungeon is opt-in, preserves the old edition and stays separate from Spotlight (299.40519ms)
✔ No event preserves the original per-monster calculation at multiple levels (10.3693ms)
✔ Mixed map boosts only listed normal Orcs; plants, Orc Baby and Furious Orc stay unchanged in June (0.45273ms)
✔ Event snapshots use exact published EXP and switching back does not mutate normal data (0.145365ms)
✔ Spotlight aliases resolve Varmundt, Chaos and Charge Basilisk without boosting unrelated variants (1.078105ms)
✔ June doubles Varmundt density and area score, not EXP per kill (0.718113ms)
✔ EP20 has nine complete maps with normal official counts, weighted stats and local images (0.728488ms)
✔ August applies EP20 rules by map, leaving identical monsters in other maps at normal EXP (0.348115ms)
✔ Unknown walkable area remains unavailable instead of creating a misleading density (0.10802ms)
✔ All event/level combinations produce finite values and retain source data (407.910618ms)
✔ September 2026 event uses published EXP rows and exact per-monster spawn totals (11.307097ms)
✔ A changed spawn mix reweights map EXP, HP and monster share without mutating normal data (0.410928ms)
✔ Public entry point contains no encryption or login form and all scripts exist (0.547711ms)
✔ Every map monster has a supported race, including EP20 and daily variants (0.672655ms)
✔ Race EXP weights each monster after its own Spotlight and level penalty (0.302387ms)
✔ Auto uses Thai schedule boundaries, newest active event and gaps (0.198894ms)
✔ Defaults have no buffs, settings survive JSON and malformed values are rejected (0.887042ms)
✔ Complete 2025 editions are registered once, sorted by start date, and retain all EXP columns (0.663171ms)
✔ GGT Normal EXP takes priority when every official snapshot agrees (29.76374ms)
✔ Return and Halloween apply exact historic EXP only to listed monsters and maps (0.618705ms)
✔ GAT geometry replaces brightness for all normal maps including EP20 (7.264526ms)
✔ Planning efficiency uses final EXP including party, level and race bonuses (3.881332ms)
✔ Every explicit Spotlight map exists; unmatched rows are limited to documented source conflicts (249.628105ms)
✔ Imported maps preserve complete normal populations, provenance, races, assets and weighted stats (4.245831ms)
✔ Luanda shows every normal monster without a phase selector and applies Spotlight by name (0.974241ms)
✔ Release artifacts match user SHA-256 and immutable lock (1.647287ms)
✔ Reviewed graph edits preserve navigation integration and every other original production file (54.852013ms)
✔ Calculation inputs, all recorded numeric outputs and existing share hashes equal pre-edit fixtures (118.837597ms)
✔ Embedded catalog keeps Leveling identity and Grade & Refine planned without a launch URL (0.45991ms)
✔ Browser evidence is a successful genuine preintegration capture (5.187994ms)
ℹ tests 38
ℹ suites 0
ℹ pass 38
ℹ fail 0
ℹ cancelled 0
ℹ skipped 0
ℹ todo 0
ℹ duration_ms 1185.239852
